
/home/runner/work/exp-viscosity-measurement-iitk/exp-viscosity-measurement-iitk/experiment/simulation/js/script.js
   227:5   warning  'hindibtn' is assigned a value but never used  no-unused-vars
   228:5   warning  'engbtn' is assigned a value but never used    no-unused-vars
   231:5   warning  'hovt0' is assigned a value but never used     no-unused-vars
   249:5   warning  'rsize' is defined but never used              no-unused-vars
   252:5   warning  'mes1' is defined but never used               no-unused-vars
   300:10  warning  'hindi1' is defined but never used             no-unused-vars
   311:10  warning  'eng1' is defined but never used               no-unused-vars
   320:11  warning  'start1' is defined but never used             no-unused-vars
   391:10  warning  'on' is defined but never used                 no-unused-vars
   404:10  warning  'tare' is defined but never used               no-unused-vars
   414:10  warning  'edish' is defined but never used              no-unused-vars
   447:11  warning  'spatula' is defined but never used            no-unused-vars
   493:10  warning  'pipette' is defined but never used            no-unused-vars
  1471:10  warning  'pipette60' is defined but never used          no-unused-vars
  2405:10  warning  'pipette10' is defined but never used          no-unused-vars
  2466:10  warning  'pipette40' is defined but never used          no-unused-vars
  2523:10  warning  'pipette30' is defined but never used          no-unused-vars
  2552:10  warning  'pipette20' is defined but never used          no-unused-vars
  2579:10  warning  'pipette45' is defined but never used          no-unused-vars
  2608:10  warning  'pipette5' is defined but never used           no-unused-vars
  2646:10  warning  'bottle' is defined but never used             no-unused-vars
  2665:10  warning  'fbottle1' is defined but never used           no-unused-vars
  2684:10  warning  'fbottle2' is defined but never used           no-unused-vars
  2833:10  warning  'suction' is defined but never used            no-unused-vars
  3249:10  warning  'next' is defined but never used               no-unused-vars
  4745:10  warning  'forward' is defined but never used            no-unused-vars

/home/runner/work/exp-viscosity-measurement-iitk/exp-viscosity-measurement-iitk/experiment/simulation/js/starting.js
    1:1  warning  'hviscometer' is not defined  no-undef
    2:5  warning  'hovt' is not defined         no-undef
    3:5  warning  'hovt' is not defined         no-undef
    4:5  warning  'hovt' is not defined         no-undef
    5:5  warning  'hovt' is not defined         no-undef
    6:5  warning  'hovt' is not defined         no-undef
    7:5  warning  'visco' is not defined        no-undef
    8:5  warning  'visco' is not defined        no-undef
   11:1  warning  'hmachine' is not defined     no-undef
   12:5  warning  'hovt' is not defined         no-undef
   13:5  warning  'hovt' is not defined         no-undef
   14:5  warning  'hovt' is not defined         no-undef
   15:5  warning  'hovt' is not defined         no-undef
   16:5  warning  'hovt' is not defined         no-undef
   17:5  warning  'mach' is not defined         no-undef
   18:5  warning  'mach' is not defined         no-undef
   22:1  warning  'hfunnel' is not defined      no-undef
   23:5  warning  'hovt' is not defined         no-undef
   24:5  warning  'hovt' is not defined         no-undef
   25:5  warning  'hovt' is not defined         no-undef
   26:5  warning  'hovt' is not defined         no-undef
   27:5  warning  'hovt' is not defined         no-undef
   28:5  warning  'fun' is not defined          no-undef
   29:5  warning  'fun' is not defined          no-undef
   33:1  warning  'hspatula' is not defined     no-undef
   34:5  warning  'hovt' is not defined         no-undef
   35:5  warning  'hovt' is not defined         no-undef
   36:5  warning  'hovt' is not defined         no-undef
   37:5  warning  'hovt' is not defined         no-undef
   38:5  warning  'hovt' is not defined         no-undef
   39:5  warning  'spat' is not defined         no-undef
   40:5  warning  'spat' is not defined         no-undef
   44:1  warning  'hpdish' is not defined       no-undef
   45:5  warning  'hovt' is not defined         no-undef
   46:5  warning  'hovt' is not defined         no-undef
   47:5  warning  'hovt' is not defined         no-undef
   48:5  warning  'hovt' is not defined         no-undef
   49:5  warning  'hovt' is not defined         no-undef
   50:5  warning  'pdish' is not defined        no-undef
   51:5  warning  'pdish' is not defined        no-undef
   52:5  warning  'pow' is not defined          no-undef
   53:5  warning  'pow' is not defined          no-undef
   57:1  warning  'hpow' is not defined         no-undef
   58:5  warning  'hovt' is not defined         no-undef
   59:5  warning  'hovt' is not defined         no-undef
   60:5  warning  'hovt' is not defined         no-undef
   61:5  warning  'hovt' is not defined         no-undef
   62:5  warning  'hovt' is not defined         no-undef
   63:5  warning  'pdish' is not defined        no-undef
   64:5  warning  'pdish' is not defined        no-undef
   65:5  warning  'pow' is not defined          no-undef
   66:5  warning  'pow' is not defined          no-undef
   70:1  warning  'heflask1' is not defined     no-undef
   71:5  warning  'hovt' is not defined         no-undef
   72:5  warning  'hovt' is not defined         no-undef
   73:5  warning  'hovt' is not defined         no-undef
   74:5  warning  'hovt' is not defined         no-undef
   75:5  warning  'hovt' is not defined         no-undef
   76:5  warning  'eflask1' is not defined      no-undef
   77:5  warning  'eflask1' is not defined      no-undef
   81:1  warning  'hwbeaker' is not defined     no-undef
   82:5  warning  'hovt' is not defined         no-undef
   83:5  warning  'hovt' is not defined         no-undef
   84:5  warning  'hovt' is not defined         no-undef
   85:5  warning  'hovt' is not defined         no-undef
   86:5  warning  'hovt' is not defined         no-undef
   87:5  warning  'wbeak' is not defined        no-undef
   88:5  warning  'wbeak' is not defined        no-undef
   92:1  warning  'hbottle' is not defined      no-undef
   93:5  warning  'hovt' is not defined         no-undef
   94:5  warning  'hovt' is not defined         no-undef
   95:5  warning  'hovt' is not defined         no-undef
   96:5  warning  'hovt' is not defined         no-undef
   97:5  warning  'hovt' is not defined         no-undef
   98:5  warning  'bot' is not defined          no-undef
   99:5  warning  'bot' is not defined          no-undef
  103:1  warning  'hpip' is not defined         no-undef
  104:5  warning  'hovt' is not defined         no-undef
  105:5  warning  'hovt' is not defined         no-undef
  106:5  warning  'hovt' is not defined         no-undef
  107:5  warning  'hovt' is not defined         no-undef
  108:5  warning  'hovt' is not defined         no-undef
  109:5  warning  'pip1' is not defined         no-undef
  110:5  warning  'pip1' is not defined         no-undef
  114:1  warning  'hviscometer' is not defined  no-undef
  115:5  warning  'hovt' is not defined         no-undef
  116:5  warning  'hovt' is not defined         no-undef
  117:5  warning  'visco' is not defined        no-undef
  120:1  warning  'hmachine' is not defined     no-undef
  121:5  warning  'hovt' is not defined         no-undef
  122:5  warning  'hovt' is not defined         no-undef
  123:5  warning  'mach' is not defined         no-undef
  126:1  warning  'hfunnel' is not defined      no-undef
  127:5  warning  'hovt' is not defined         no-undef
  128:5  warning  'hovt' is not defined         no-undef
  129:5  warning  'fun' is not defined          no-undef
  132:1  warning  'hspatula' is not defined     no-undef
  133:5  warning  'hovt' is not defined         no-undef
  134:5  warning  'hovt' is not defined         no-undef
  135:5  warning  'spat' is not defined         no-undef
  138:1  warning  'hpdish' is not defined       no-undef
  139:5  warning  'hovt' is not defined         no-undef
  140:5  warning  'hovt' is not defined         no-undef
  141:5  warning  'pdish' is not defined        no-undef
  142:5  warning  'pow' is not defined          no-undef
  145:1  warning  'hpow' is not defined         no-undef
  146:5  warning  'hovt' is not defined         no-undef
  147:5  warning  'hovt' is not defined         no-undef
  148:5  warning  'pdish' is not defined        no-undef
  149:5  warning  'pow' is not defined          no-undef
  152:1  warning  'heflask1' is not defined     no-undef
  153:5  warning  'hovt' is not defined         no-undef
  154:5  warning  'hovt' is not defined         no-undef
  155:5  warning  'eflask1' is not defined      no-undef
  158:1  warning  'hwbeaker' is not defined     no-undef
  159:5  warning  'hovt' is not defined         no-undef
  160:5  warning  'hovt' is not defined         no-undef
  161:5  warning  'wbeak' is not defined        no-undef
  164:1  warning  'hbottle' is not defined      no-undef
  165:5  warning  'hovt' is not defined         no-undef
  166:5  warning  'hovt' is not defined         no-undef
  167:5  warning  'bot' is not defined          no-undef
  170:1  warning  'hpip' is not defined         no-undef
  171:5  warning  'hovt' is not defined         no-undef
  172:5  warning  'hovt' is not defined         no-undef
  173:5  warning  'pip1' is not defined         no-undef

✖ 152 problems (0 errors, 152 warnings)

